<?xml version="1.0"?>
<link_info>
   <banner>TI ARM Linker PC v5.1.6</banner>
   <copyright>Copyright (c) 1996-2014 Texas Instruments Incorporated</copyright>
   <link_time>0x53e82ed3</link_time>
   <link_errors>0x0</link_errors>
   <output_file>demo.out</output_file>
   <entry_point>
      <name>_c_int00</name>
      <address>0x33a9</address>
   </entry_point>
   <input_file_list>
      <input_file id="fl-2">
         <path>.\</path>
         <kind>object</kind>
         <file>main.obj</file>
         <name>main.obj</name>
      </input_file>
      <input_file id="fl-3">
         <path>.\</path>
         <kind>object</kind>
         <file>tm4c123gh6pm_startup_ccs.obj</file>
         <name>tm4c123gh6pm_startup_ccs.obj</name>
      </input_file>
      <input_file id="fl-4">
         <path>.\include\</path>
         <kind>object</kind>
         <file>Di_gpio.obj</file>
         <name>Di_gpio.obj</name>
      </input_file>
      <input_file id="fl-5">
         <path>.\include\</path>
         <kind>object</kind>
         <file>Di_timer.obj</file>
         <name>Di_timer.obj</name>
      </input_file>
      <input_file id="fl-6">
         <path>.\include\</path>
         <kind>object</kind>
         <file>Di_uart.obj</file>
         <name>Di_uart.obj</name>
      </input_file>
      <input_file id="fl-7">
         <path>.\include\</path>
         <kind>object</kind>
         <file>IMU.obj</file>
         <name>IMU.obj</name>
      </input_file>
      <input_file id="fl-8">
         <path>.\include\</path>
         <kind>object</kind>
         <file>MPU6050.obj</file>
         <name>MPU6050.obj</name>
      </input_file>
      <input_file id="fl-9">
         <path>.\include\</path>
         <kind>object</kind>
         <file>control.obj</file>
         <name>control.obj</name>
      </input_file>
      <input_file id="fl-a">
         <path>.\include\</path>
         <kind>object</kind>
         <file>my_pwm.obj</file>
         <name>my_pwm.obj</name>
      </input_file>
      <input_file id="fl-138">
         <path>E:\Install_Folder\CCS_TM4C123G\ccsv6\tools\compiler\arm_5.1.6\lib\</path>
         <kind>archive</kind>
         <file>rtsv7M4_T_le_v4SPD16_eabi.lib</file>
         <name>asin.obj</name>
      </input_file>
      <input_file id="fl-139">
         <path>E:\Install_Folder\CCS_TM4C123G\ccsv6\tools\compiler\arm_5.1.6\lib\</path>
         <kind>archive</kind>
         <file>rtsv7M4_T_le_v4SPD16_eabi.lib</file>
         <name>atan2.obj</name>
      </input_file>
      <input_file id="fl-13a">
         <path>E:\Install_Folder\CCS_TM4C123G\ccsv6\tools\compiler\arm_5.1.6\lib\</path>
         <kind>archive</kind>
         <file>rtsv7M4_T_le_v4SPD16_eabi.lib</file>
         <name>boot.obj</name>
      </input_file>
      <input_file id="fl-13b">
         <path>E:\Install_Folder\CCS_TM4C123G\ccsv6\tools\compiler\arm_5.1.6\lib\</path>
         <kind>archive</kind>
         <file>rtsv7M4_T_le_v4SPD16_eabi.lib</file>
         <name>copy_decompress_none.obj</name>
      </input_file>
      <input_file id="fl-13c">
         <path>E:\Install_Folder\CCS_TM4C123G\ccsv6\tools\compiler\arm_5.1.6\lib\</path>
         <kind>archive</kind>
         <file>rtsv7M4_T_le_v4SPD16_eabi.lib</file>
         <name>copy_decompress_rle.obj</name>
      </input_file>
      <input_file id="fl-13d">
         <path>E:\Install_Folder\CCS_TM4C123G\ccsv6\tools\compiler\arm_5.1.6\lib\</path>
         <kind>archive</kind>
         <file>rtsv7M4_T_le_v4SPD16_eabi.lib</file>
         <name>copy_zero_init.obj</name>
      </input_file>
      <input_file id="fl-13e">
         <path>E:\Install_Folder\CCS_TM4C123G\ccsv6\tools\compiler\arm_5.1.6\lib\</path>
         <kind>archive</kind>
         <file>rtsv7M4_T_le_v4SPD16_eabi.lib</file>
         <name>exit.obj</name>
      </input_file>
      <input_file id="fl-13f">
         <path>E:\Install_Folder\CCS_TM4C123G\ccsv6\tools\compiler\arm_5.1.6\lib\</path>
         <kind>archive</kind>
         <file>rtsv7M4_T_le_v4SPD16_eabi.lib</file>
         <name>fd_add_t2.obj</name>
      </input_file>
      <input_file id="fl-140">
         <path>E:\Install_Folder\CCS_TM4C123G\ccsv6\tools\compiler\arm_5.1.6\lib\</path>
         <kind>archive</kind>
         <file>rtsv7M4_T_le_v4SPD16_eabi.lib</file>
         <name>fd_cmp_t2.obj</name>
      </input_file>
      <input_file id="fl-141">
         <path>E:\Install_Folder\CCS_TM4C123G\ccsv6\tools\compiler\arm_5.1.6\lib\</path>
         <kind>archive</kind>
         <file>rtsv7M4_T_le_v4SPD16_eabi.lib</file>
         <name>fd_div_t2.obj</name>
      </input_file>
      <input_file id="fl-142">
         <path>E:\Install_Folder\CCS_TM4C123G\ccsv6\tools\compiler\arm_5.1.6\lib\</path>
         <kind>archive</kind>
         <file>rtsv7M4_T_le_v4SPD16_eabi.lib</file>
         <name>fd_mul_t2.obj</name>
      </input_file>
      <input_file id="fl-143">
         <path>E:\Install_Folder\CCS_TM4C123G\ccsv6\tools\compiler\arm_5.1.6\lib\</path>
         <kind>archive</kind>
         <file>rtsv7M4_T_le_v4SPD16_eabi.lib</file>
         <name>fd_toi_t2.obj</name>
      </input_file>
      <input_file id="fl-144">
         <path>E:\Install_Folder\CCS_TM4C123G\ccsv6\tools\compiler\arm_5.1.6\lib\</path>
         <kind>archive</kind>
         <file>rtsv7M4_T_le_v4SPD16_eabi.lib</file>
         <name>fd_tos_t2.obj</name>
      </input_file>
      <input_file id="fl-145">
         <path>E:\Install_Folder\CCS_TM4C123G\ccsv6\tools\compiler\arm_5.1.6\lib\</path>
         <kind>archive</kind>
         <file>rtsv7M4_T_le_v4SPD16_eabi.lib</file>
         <name>fs_tod_t2.obj</name>
      </input_file>
      <input_file id="fl-146">
         <path>E:\Install_Folder\CCS_TM4C123G\ccsv6\tools\compiler\arm_5.1.6\lib\</path>
         <kind>archive</kind>
         <file>rtsv7M4_T_le_v4SPD16_eabi.lib</file>
         <name>i_tofd_t2.obj</name>
      </input_file>
      <input_file id="fl-147">
         <path>E:\Install_Folder\CCS_TM4C123G\ccsv6\tools\compiler\arm_5.1.6\lib\</path>
         <kind>archive</kind>
         <file>rtsv7M4_T_le_v4SPD16_eabi.lib</file>
         <name>memcpy_t2.obj</name>
      </input_file>
      <input_file id="fl-148">
         <path>E:\Install_Folder\CCS_TM4C123G\ccsv6\tools\compiler\arm_5.1.6\lib\</path>
         <kind>archive</kind>
         <file>rtsv7M4_T_le_v4SPD16_eabi.lib</file>
         <name>memset_t2.obj</name>
      </input_file>
      <input_file id="fl-149">
         <path>E:\Install_Folder\CCS_TM4C123G\ccsv6\tools\compiler\arm_5.1.6\lib\</path>
         <kind>archive</kind>
         <file>rtsv7M4_T_le_v4SPD16_eabi.lib</file>
         <name>sqrt.obj</name>
      </input_file>
      <input_file id="fl-14a">
         <path>E:\Install_Folder\CCS_TM4C123G\ccsv6\tools\compiler\arm_5.1.6\lib\</path>
         <kind>archive</kind>
         <file>rtsv7M4_T_le_v4SPD16_eabi.lib</file>
         <name>stkdepth_vars.obj</name>
      </input_file>
      <input_file id="fl-14b">
         <path>E:\Install_Folder\CCS_TM4C123G\ccsv6\tools\compiler\arm_5.1.6\lib\</path>
         <kind>archive</kind>
         <file>rtsv7M4_T_le_v4SPD16_eabi.lib</file>
         <name>xatan.obj</name>
      </input_file>
      <input_file id="fl-14c">
         <path>E:\Install_Folder\CCS_TM4C123G\ccsv6\tools\compiler\arm_5.1.6\lib\</path>
         <kind>archive</kind>
         <file>rtsv7M4_T_le_v4SPD16_eabi.lib</file>
         <name>xdscale.obj</name>
      </input_file>
      <input_file id="fl-14d">
         <path>E:\Install_Folder\CCS_TM4C123G\ccsv6\tools\compiler\arm_5.1.6\lib\</path>
         <kind>archive</kind>
         <file>rtsv7M4_T_le_v4SPD16_eabi.lib</file>
         <name>xdtest.obj</name>
      </input_file>
      <input_file id="fl-14e">
         <path>E:\Install_Folder\CCS_TM4C123G\ccsv6\tools\compiler\arm_5.1.6\lib\</path>
         <kind>archive</kind>
         <file>rtsv7M4_T_le_v4SPD16_eabi.lib</file>
         <name>xdunscal.obj</name>
      </input_file>
      <input_file id="fl-14f">
         <path>E:\Install_Folder\CCS_TM4C123G\ccsv6\tools\compiler\arm_5.1.6\lib\</path>
         <kind>archive</kind>
         <file>rtsv7M4_T_le_v4SPD16_eabi.lib</file>
         <name>xferaise.obj</name>
      </input_file>
      <input_file id="fl-150">
         <path>E:\Install_Folder\CCS_TM4C123G\ccsv6\tools\compiler\arm_5.1.6\lib\</path>
         <kind>archive</kind>
         <file>rtsv7M4_T_le_v4SPD16_eabi.lib</file>
         <name>xvalues.obj</name>
      </input_file>
      <input_file id="fl-151">
         <path>E:\Install_Folder\CCS_TM4C123G\ccsv6\tools\compiler\arm_5.1.6\lib\</path>
         <kind>archive</kind>
         <file>rtsv7M4_T_le_v4SPD16_eabi.lib</file>
         <name>_lock.obj</name>
      </input_file>
      <input_file id="fl-152">
         <path>E:\Install_Folder\CCS_TM4C123G\ccsv6\tools\compiler\arm_5.1.6\lib\</path>
         <kind>archive</kind>
         <file>rtsv7M4_T_le_v4SPD16_eabi.lib</file>
         <name>args_main.obj</name>
      </input_file>
      <input_file id="fl-153">
         <path>E:\Install_Folder\CCS_TM4C123G\ccsv6\tools\compiler\arm_5.1.6\lib\</path>
         <kind>archive</kind>
         <file>rtsv7M4_T_le_v4SPD16_eabi.lib</file>
         <name>auto_init.obj</name>
      </input_file>
      <input_file id="fl-154">
         <path>E:\Install_Folder\CCS_TM4C123G\ccsv6\tools\compiler\arm_5.1.6\lib\</path>
         <kind>archive</kind>
         <file>rtsv7M4_T_le_v4SPD16_eabi.lib</file>
         <name>cpy_tbl.obj</name>
      </input_file>
      <input_file id="fl-155">
         <path>E:\Install_Folder\CCS_TM4C123G\ccsv6\tools\compiler\arm_5.1.6\lib\</path>
         <kind>archive</kind>
         <file>rtsv7M4_T_le_v4SPD16_eabi.lib</file>
         <name>errno.obj</name>
      </input_file>
      <input_file id="fl-156">
         <path>E:\Install_Folder\CCS_TM4C123G\ccsv6\tools\compiler\arm_5.1.6\lib\</path>
         <kind>archive</kind>
         <file>rtsv7M4_T_le_v4SPD16_eabi.lib</file>
         <name>feraiseexcept.obj</name>
      </input_file>
      <input_file id="fl-157">
         <path>E:\Install_Folder\CCS_TM4C123G\ccsv6\tools\compiler\arm_5.1.6\lib\</path>
         <kind>archive</kind>
         <file>rtsv7M4_T_le_v4SPD16_eabi.lib</file>
         <name>raise.obj</name>
      </input_file>
      <input_file id="fl-158">
         <path>E:\Install_Folder\CCS_TM4C123G\ccsv6\tools\compiler\arm_5.1.6\lib\</path>
         <kind>archive</kind>
         <file>rtsv7M4_T_le_v4SPD16_eabi.lib</file>
         <name>signal.obj</name>
      </input_file>
      <input_file id="fl-159">
         <path>E:\Install_Folder\CCS_TM4C123G\ccsv6\tools\compiler\arm_5.1.6\lib\</path>
         <kind>archive</kind>
         <file>rtsv7M4_T_le_v4SPD16_eabi.lib</file>
         <name>xdnorm.obj</name>
      </input_file>
      <input_file id="fl-15a">
         <path>C:\ti\TivaWare_C_Series-2.0.1.11577\driverlib\ccs\Debug\</path>
         <kind>archive</kind>
         <file>driverlib.lib</file>
         <name>uart.obj</name>
      </input_file>
      <input_file id="fl-15b">
         <path>C:\ti\TivaWare_C_Series-2.0.1.11577\driverlib\ccs\Debug\</path>
         <kind>archive</kind>
         <file>driverlib.lib</file>
         <name>timer.obj</name>
      </input_file>
      <input_file id="fl-15c">
         <path>C:\ti\TivaWare_C_Series-2.0.1.11577\driverlib\ccs\Debug\</path>
         <kind>archive</kind>
         <file>driverlib.lib</file>
         <name>sysctl.obj</name>
      </input_file>
      <input_file id="fl-15d">
         <path>C:\ti\TivaWare_C_Series-2.0.1.11577\driverlib\ccs\Debug\</path>
         <kind>archive</kind>
         <file>driverlib.lib</file>
         <name>pwm.obj</name>
      </input_file>
      <input_file id="fl-15e">
         <path>C:\ti\TivaWare_C_Series-2.0.1.11577\driverlib\ccs\Debug\</path>
         <kind>archive</kind>
         <file>driverlib.lib</file>
         <name>interrupt.obj</name>
      </input_file>
      <input_file id="fl-15f">
         <path>C:\ti\TivaWare_C_Series-2.0.1.11577\driverlib\ccs\Debug\</path>
         <kind>archive</kind>
         <file>driverlib.lib</file>
         <name>gpio.obj</name>
      </input_file>
      <input_file id="fl-160">
         <path>C:\ti\TivaWare_C_Series-2.0.1.11577\driverlib\ccs\Debug\</path>
         <kind>archive</kind>
         <file>driverlib.lib</file>
         <name>fpu.obj</name>
      </input_file>
      <input_file id="fl-161">
         <path>C:\ti\TivaWare_C_Series-2.0.1.11577\driverlib\ccs\Debug\</path>
         <kind>archive</kind>
         <file>driverlib.lib</file>
         <name>cpu.obj</name>
      </input_file>
   </input_file_list>
   <object_component_list>
      <object_component id="oc-e">
         <name>.intvecs</name>
         <load_address>0x0</load_address>
         <run_address>0x0</run_address>
         <size>0x26c</size>
         <input_file_ref idref="fl-3"/>
      </object_component>
      <object_component id="oc-8c">
         <name>.text</name>
         <load_address>0x26c</load_address>
         <run_address>0x26c</run_address>
         <size>0x8e8</size>
         <input_file_ref idref="fl-6"/>
      </object_component>
      <object_component id="oc-ed">
         <name>.text</name>
         <load_address>0xb54</load_address>
         <run_address>0xb54</run_address>
         <size>0x758</size>
         <input_file_ref idref="fl-7"/>
      </object_component>
      <object_component id="oc-86">
         <name>.text</name>
         <load_address>0x12ac</load_address>
         <run_address>0x12ac</run_address>
         <size>0x5c0</size>
         <input_file_ref idref="fl-8"/>
      </object_component>
      <object_component id="oc-2f">
         <name>.text</name>
         <load_address>0x186c</load_address>
         <run_address>0x186c</run_address>
         <size>0x3ac</size>
         <input_file_ref idref="fl-2"/>
      </object_component>
      <object_component id="oc-102">
         <name>.text</name>
         <load_address>0x1c18</load_address>
         <run_address>0x1c18</run_address>
         <size>0x398</size>
         <input_file_ref idref="fl-9"/>
      </object_component>
      <object_component id="oc-238">
         <name>.text</name>
         <load_address>0x1fb0</load_address>
         <run_address>0x1fb0</run_address>
         <size>0x1b6</size>
         <input_file_ref idref="fl-13f"/>
      </object_component>
      <object_component id="oc-242">
         <name>.text</name>
         <load_address>0x2168</load_address>
         <run_address>0x2168</run_address>
         <size>0x18c</size>
         <input_file_ref idref="fl-14b"/>
      </object_component>
      <object_component id="oc-bc">
         <name>.text</name>
         <load_address>0x22f4</load_address>
         <run_address>0x22f4</run_address>
         <size>0x148</size>
         <input_file_ref idref="fl-a"/>
      </object_component>
      <object_component id="oc-20e">
         <name>.text</name>
         <load_address>0x243c</load_address>
         <run_address>0x243c</run_address>
         <size>0x148</size>
         <input_file_ref idref="fl-149"/>
      </object_component>
      <object_component id="oc-23d">
         <name>.text</name>
         <load_address>0x2584</load_address>
         <run_address>0x2584</run_address>
         <size>0x136</size>
         <input_file_ref idref="fl-141"/>
      </object_component>
      <object_component id="oc-16c">
         <name>.text:GPIOPadConfigSet</name>
         <load_address>0x26ba</load_address>
         <run_address>0x26ba</run_address>
         <size>0x130</size>
         <input_file_ref idref="fl-15f"/>
      </object_component>
      <object_component id="oc-10d">
         <name>.text</name>
         <load_address>0x27ec</load_address>
         <run_address>0x27ec</run_address>
         <size>0x11c</size>
         <input_file_ref idref="fl-138"/>
      </object_component>
      <object_component id="oc-214">
         <name>.text</name>
         <load_address>0x2908</load_address>
         <run_address>0x2908</run_address>
         <size>0x118</size>
         <input_file_ref idref="fl-139"/>
      </object_component>
      <object_component id="oc-2ca">
         <name>.text</name>
         <load_address>0x2a20</load_address>
         <run_address>0x2a20</run_address>
         <size>0x110</size>
         <input_file_ref idref="fl-14c"/>
      </object_component>
      <object_component id="oc-7a">
         <name>.text:SysCtlClockSet</name>
         <load_address>0x2b30</load_address>
         <run_address>0x2b30</run_address>
         <size>0x104</size>
         <input_file_ref idref="fl-15c"/>
      </object_component>
      <object_component id="oc-f8">
         <name>.text</name>
         <load_address>0x2c34</load_address>
         <run_address>0x2c34</run_address>
         <size>0xfc</size>
         <input_file_ref idref="fl-142"/>
      </object_component>
      <object_component id="oc-9e">
         <name>.text:SysCtlClockGet</name>
         <load_address>0x2d30</load_address>
         <run_address>0x2d30</run_address>
         <size>0xc8</size>
         <input_file_ref idref="fl-15c"/>
      </object_component>
      <object_component id="oc-304">
         <name>.text</name>
         <load_address>0x2df8</load_address>
         <run_address>0x2df8</run_address>
         <size>0xc4</size>
         <input_file_ref idref="fl-159"/>
      </object_component>
      <object_component id="oc-80">
         <name>.text</name>
         <load_address>0x2ebc</load_address>
         <run_address>0x2ebc</run_address>
         <size>0xa8</size>
         <input_file_ref idref="fl-4"/>
      </object_component>
      <object_component id="oc-4d">
         <name>.text</name>
         <load_address>0x2f64</load_address>
         <run_address>0x2f64</run_address>
         <size>0x9c</size>
         <input_file_ref idref="fl-147"/>
      </object_component>
      <object_component id="oc-38">
         <name>.text</name>
         <load_address>0x3000</load_address>
         <run_address>0x3000</run_address>
         <size>0x94</size>
         <input_file_ref idref="fl-153"/>
      </object_component>
      <object_component id="oc-233">
         <name>.text:__aeabi_cdcmple</name>
         <load_address>0x3094</load_address>
         <run_address>0x3094</run_address>
         <size>0x86</size>
         <input_file_ref idref="fl-140"/>
      </object_component>
      <object_component id="oc-1a8">
         <name>.text</name>
         <load_address>0x311a</load_address>
         <run_address>0x311a</run_address>
         <size>0x78</size>
         <input_file_ref idref="fl-148"/>
      </object_component>
      <object_component id="oc-2c4">
         <name>.text</name>
         <load_address>0x3192</load_address>
         <run_address>0x3192</run_address>
         <size>0x64</size>
         <input_file_ref idref="fl-14e"/>
      </object_component>
      <object_component id="oc-aa">
         <name>.text:IntEnable</name>
         <load_address>0x31f8</load_address>
         <run_address>0x31f8</run_address>
         <size>0x60</size>
         <input_file_ref idref="fl-15e"/>
      </object_component>
      <object_component id="oc-60">
         <name>.text</name>
         <load_address>0x3258</load_address>
         <run_address>0x3258</run_address>
         <size>0x5e</size>
         <input_file_ref idref="fl-13c"/>
      </object_component>
      <object_component id="oc-98">
         <name>.text:TimerConfigure</name>
         <load_address>0x32b8</load_address>
         <run_address>0x32b8</run_address>
         <size>0x5c</size>
         <input_file_ref idref="fl-15b"/>
      </object_component>
      <object_component id="oc-fd">
         <name>.text</name>
         <load_address>0x3314</load_address>
         <run_address>0x3314</run_address>
         <size>0x4a</size>
         <input_file_ref idref="fl-144"/>
      </object_component>
      <object_component id="oc-18a">
         <name>.text:GPIOPinConfigure</name>
         <load_address>0x3360</load_address>
         <run_address>0x3360</run_address>
         <size>0x48</size>
         <input_file_ref idref="fl-15f"/>
      </object_component>
      <object_component id="oc-11">
         <name>.text</name>
         <load_address>0x33a8</load_address>
         <run_address>0x33a8</run_address>
         <size>0x48</size>
         <input_file_ref idref="fl-13a"/>
      </object_component>
      <object_component id="oc-113">
         <name>.text</name>
         <load_address>0x33f0</load_address>
         <run_address>0x33f0</run_address>
         <size>0x48</size>
         <input_file_ref idref="fl-143"/>
      </object_component>
      <object_component id="oc-13d">
         <name>.text</name>
         <load_address>0x3438</load_address>
         <run_address>0x3438</run_address>
         <size>0x44</size>
         <input_file_ref idref="fl-154"/>
      </object_component>
      <object_component id="oc-43">
         <name>.text</name>
         <load_address>0x347c</load_address>
         <run_address>0x347c</run_address>
         <size>0x44</size>
         <input_file_ref idref="fl-13e"/>
      </object_component>
      <object_component id="oc-22d">
         <name>.text</name>
         <load_address>0x34c0</load_address>
         <run_address>0x34c0</run_address>
         <size>0x44</size>
         <input_file_ref idref="fl-14d"/>
      </object_component>
      <object_component id="oc-196">
         <name>.text:UARTConfigSetExpClk</name>
         <load_address>0x3504</load_address>
         <run_address>0x3504</run_address>
         <size>0x40</size>
         <input_file_ref idref="fl-15a"/>
      </object_component>
      <object_component id="oc-32a">
         <name>.text</name>
         <load_address>0x3544</load_address>
         <run_address>0x3544</run_address>
         <size>0x40</size>
         <input_file_ref idref="fl-158"/>
      </object_component>
      <object_component id="oc-108">
         <name>.text</name>
         <load_address>0x3584</load_address>
         <run_address>0x3584</run_address>
         <size>0x38</size>
         <input_file_ref idref="fl-145"/>
      </object_component>
      <object_component id="oc-92">
         <name>.text:SysCtlPeripheralEnable</name>
         <load_address>0x35bc</load_address>
         <run_address>0x35bc</run_address>
         <size>0x34</size>
         <input_file_ref idref="fl-15c"/>
      </object_component>
      <object_component id="oc-2e0">
         <name>.text</name>
         <load_address>0x35f0</load_address>
         <run_address>0x35f0</run_address>
         <size>0x34</size>
         <input_file_ref idref="fl-156"/>
      </object_component>
      <object_component id="oc-248">
         <name>.text</name>
         <load_address>0x3624</load_address>
         <run_address>0x3624</run_address>
         <size>0x30</size>
         <input_file_ref idref="fl-14f"/>
      </object_component>
      <object_component id="oc-f3">
         <name>.text</name>
         <load_address>0x3654</load_address>
         <run_address>0x3654</run_address>
         <size>0x2e</size>
         <input_file_ref idref="fl-146"/>
      </object_component>
      <object_component id="oc-316">
         <name>.text</name>
         <load_address>0x3682</load_address>
         <run_address>0x3682</run_address>
         <size>0x2e</size>
         <input_file_ref idref="fl-157"/>
      </object_component>
      <object_component id="oc-172">
         <name>.text:GPIODirModeSet</name>
         <load_address>0x36b0</load_address>
         <run_address>0x36b0</run_address>
         <size>0x2a</size>
         <input_file_ref idref="fl-15f"/>
      </object_component>
      <object_component id="oc-1cf">
         <name>.text:PWMGenConfigure</name>
         <load_address>0x36da</load_address>
         <run_address>0x36da</run_address>
         <size>0x22</size>
         <input_file_ref idref="fl-15d"/>
      </object_component>
      <object_component id="oc-1e7">
         <name>.text:PWMPulseWidthSet</name>
         <load_address>0x36fc</load_address>
         <run_address>0x36fc</run_address>
         <size>0x1e</size>
         <input_file_ref idref="fl-15d"/>
      </object_component>
      <object_component id="oc-295">
         <name>.text:UARTDisable</name>
         <load_address>0x371c</load_address>
         <run_address>0x371c</run_address>
         <size>0x1c</size>
         <input_file_ref idref="fl-15a"/>
      </object_component>
      <object_component id="oc-3d">
         <name>.text</name>
         <load_address>0x3738</load_address>
         <run_address>0x3738</run_address>
         <size>0x18</size>
         <input_file_ref idref="fl-152"/>
      </object_component>
      <object_component id="oc-1c3">
         <name>.text:SysCtlPWMClockSet</name>
         <load_address>0x3750</load_address>
         <run_address>0x3750</run_address>
         <size>0x14</size>
         <input_file_ref idref="fl-15c"/>
      </object_component>
      <object_component id="oc-29b">
         <name>.text:UARTEnable</name>
         <load_address>0x3764</load_address>
         <run_address>0x3764</run_address>
         <size>0x14</size>
         <input_file_ref idref="fl-15a"/>
      </object_component>
      <object_component id="oc-269">
         <name>.text</name>
         <load_address>0x3778</load_address>
         <run_address>0x3778</run_address>
         <size>0x14</size>
         <input_file_ref idref="fl-151"/>
      </object_component>
      <object_component id="oc-1c9">
         <name>.text:GPIOPinTypePWM</name>
         <load_address>0x378c</load_address>
         <run_address>0x378c</run_address>
         <size>0x12</size>
         <input_file_ref idref="fl-15f"/>
      </object_component>
      <object_component id="oc-190">
         <name>.text:GPIOPinTypeUART</name>
         <load_address>0x379e</load_address>
         <run_address>0x379e</run_address>
         <size>0x12</size>
         <input_file_ref idref="fl-15f"/>
      </object_component>
      <object_component id="oc-1e1">
         <name>.text:PWMGenPeriodGet</name>
         <load_address>0x37b0</load_address>
         <run_address>0x37b0</run_address>
         <size>0x12</size>
         <input_file_ref idref="fl-15d"/>
      </object_component>
      <object_component id="oc-1ed">
         <name>.text:PWMOutputState</name>
         <load_address>0x37c2</load_address>
         <run_address>0x37c2</run_address>
         <size>0x12</size>
         <input_file_ref idref="fl-15d"/>
      </object_component>
      <object_component id="oc-a4">
         <name>.text:TimerLoadSet</name>
         <load_address>0x37d4</load_address>
         <run_address>0x37d4</run_address>
         <size>0x12</size>
         <input_file_ref idref="fl-15b"/>
      </object_component>
      <object_component id="oc-1c">
         <name>.text:decompress:ZI</name>
         <load_address>0x37e6</load_address>
         <run_address>0x37e6</run_address>
         <size>0x12</size>
         <input_file_ref idref="fl-13d"/>
      </object_component>
      <object_component id="oc-6e">
         <name>.text:FPUEnable</name>
         <load_address>0x37f8</load_address>
         <run_address>0x37f8</run_address>
         <size>0x10</size>
         <input_file_ref idref="fl-160"/>
      </object_component>
      <object_component id="oc-74">
         <name>.text:FPULazyStackingEnable</name>
         <load_address>0x3808</load_address>
         <run_address>0x3808</run_address>
         <size>0x10</size>
         <input_file_ref idref="fl-160"/>
      </object_component>
      <object_component id="oc-1d5">
         <name>.text:PWMGenPeriodSet</name>
         <load_address>0x3818</load_address>
         <run_address>0x3818</run_address>
         <size>0x10</size>
         <input_file_ref idref="fl-15d"/>
      </object_component>
      <object_component id="oc-b6">
         <name>.text:TimerEnable</name>
         <load_address>0x3828</load_address>
         <run_address>0x3828</run_address>
         <size>0xe</size>
         <input_file_ref idref="fl-15b"/>
      </object_component>
      <object_component id="oc-ce">
         <name>.text:UARTCharGetNonBlocking</name>
         <load_address>0x3836</load_address>
         <run_address>0x3836</run_address>
         <size>0xe</size>
         <input_file_ref idref="fl-15a"/>
      </object_component>
      <object_component id="oc-d4">
         <name>.text:UARTCharPutNonBlocking</name>
         <load_address>0x3844</load_address>
         <run_address>0x3844</run_address>
         <size>0xe</size>
         <input_file_ref idref="fl-15a"/>
      </object_component>
      <object_component id="oc-16">
         <name>.text:decompress:none</name>
         <load_address>0x3852</load_address>
         <run_address>0x3852</run_address>
         <size>0xe</size>
         <input_file_ref idref="fl-13b"/>
      </object_component>
      <object_component id="oc-289">
         <name>.text:CPUcpsie</name>
         <load_address>0x3860</load_address>
         <run_address>0x3860</run_address>
         <size>0xc</size>
         <input_file_ref idref="fl-161"/>
      </object_component>
      <object_component id="oc-1db">
         <name>.text:PWMGenEnable</name>
         <load_address>0x386c</load_address>
         <run_address>0x386c</run_address>
         <size>0xc</size>
         <input_file_ref idref="fl-15d"/>
      </object_component>
      <object_component id="oc-e1">
         <name>.text:UARTCharsAvail</name>
         <load_address>0x3878</load_address>
         <run_address>0x3878</run_address>
         <size>0xc</size>
         <input_file_ref idref="fl-15a"/>
      </object_component>
      <object_component id="oc-29">
         <name>.text</name>
         <load_address>0x3884</load_address>
         <run_address>0x3884</run_address>
         <size>0xc</size>
         <input_file_ref idref="fl-3"/>
      </object_component>
      <object_component id="oc-184">
         <name>.text:IntMasterEnable</name>
         <load_address>0x3890</load_address>
         <run_address>0x3890</run_address>
         <size>0xa</size>
         <input_file_ref idref="fl-15e"/>
      </object_component>
      <object_component id="oc-1a2">
         <name>.text:UARTCharPut</name>
         <load_address>0x389a</load_address>
         <run_address>0x389a</run_address>
         <size>0xa</size>
         <input_file_ref idref="fl-15a"/>
      </object_component>
      <object_component id="oc-c2">
         <name>.text:UARTIntStatus</name>
         <load_address>0x38a4</load_address>
         <run_address>0x38a4</run_address>
         <size>0xa</size>
         <input_file_ref idref="fl-15a"/>
      </object_component>
      <object_component id="oc-b0">
         <name>.text:TimerIntEnable</name>
         <load_address>0x38ae</load_address>
         <run_address>0x38ae</run_address>
         <size>0x8</size>
         <input_file_ref idref="fl-15b"/>
      </object_component>
      <object_component id="oc-19c">
         <name>.text:UARTIntEnable</name>
         <load_address>0x38b6</load_address>
         <run_address>0x38b6</run_address>
         <size>0x8</size>
         <input_file_ref idref="fl-15a"/>
      </object_component>
      <object_component id="oc-118">
         <name>.text:GPIOPinRead</name>
         <load_address>0x38be</load_address>
         <run_address>0x38be</run_address>
         <size>0x6</size>
         <input_file_ref idref="fl-15f"/>
      </object_component>
      <object_component id="oc-da">
         <name>.text:GPIOPinWrite</name>
         <load_address>0x38c4</load_address>
         <run_address>0x38c4</run_address>
         <size>0x6</size>
         <input_file_ref idref="fl-15f"/>
      </object_component>
      <object_component id="oc-e0">
         <name>.text:SysCtlDelay</name>
         <load_address>0x38ca</load_address>
         <run_address>0x38ca</run_address>
         <size>0x6</size>
         <input_file_ref idref="fl-15c"/>
      </object_component>
      <object_component id="oc-22">
         <name>.text:decompress:rle24</name>
         <load_address>0x38d0</load_address>
         <run_address>0x38d0</run_address>
         <size>0x6</size>
         <input_file_ref idref="fl-13c"/>
      </object_component>
      <object_component id="oc-e7">
         <name>.text:TimerIntClear</name>
         <load_address>0x38d6</load_address>
         <run_address>0x38d6</run_address>
         <size>0x4</size>
         <input_file_ref idref="fl-15b"/>
      </object_component>
      <object_component id="oc-c8">
         <name>.text:UARTIntClear</name>
         <load_address>0x38da</load_address>
         <run_address>0x38da</run_address>
         <size>0x4</size>
         <input_file_ref idref="fl-15a"/>
      </object_component>
      <object_component id="oc-290">
         <name>.const:g_pui32GPIOBaseAddrs</name>
         <load_address>0x38e0</load_address>
         <run_address>0x38e0</run_address>
         <size>0x90</size>
         <input_file_ref idref="fl-15f"/>
      </object_component>
      <object_component id="oc-2dc">
         <name>.const</name>
         <load_address>0x3970</load_address>
         <run_address>0x3970</run_address>
         <size>0x88</size>
         <input_file_ref idref="fl-14b"/>
      </object_component>
      <object_component id="oc-1bc">
         <name>.const</name>
         <load_address>0x39f8</load_address>
         <run_address>0x39f8</run_address>
         <size>0x70</size>
         <input_file_ref idref="fl-15e"/>
      </object_component>
      <object_component id="oc-1b7">
         <name>.const:g_pui32Xtals</name>
         <load_address>0x3a68</load_address>
         <run_address>0x3a68</run_address>
         <size>0x6c</size>
         <input_file_ref idref="fl-15c"/>
      </object_component>
      <object_component id="oc-36d">
         <name>.cinit..data.load</name>
         <load_address>0x3ad8</load_address>
         <run_address>0x3ad8</run_address>
         <size>0xaa</size>
      </object_component>
      <object_component id="oc-36b">
         <name>__TI_handler_table</name>
         <load_address>0x3b84</load_address>
         <run_address>0x3b84</run_address>
         <size>0xc</size>
      </object_component>
      <object_component id="oc-36e">
         <name>.cinit..bss.load</name>
         <load_address>0x3b90</load_address>
         <run_address>0x3b90</run_address>
         <size>0x8</size>
      </object_component>
      <object_component id="oc-36c">
         <name>__TI_cinit_table</name>
         <load_address>0x3b98</load_address>
         <run_address>0x3b98</run_address>
         <size>0x10</size>
      </object_component>
      <object_component id="oc-49">
         <name>.data</name>
         <load_address>0x20000224</load_address>
         <run_address>0x20000224</run_address>
         <size>0x4</size>
         <input_file_ref idref="fl-14a"/>
      </object_component>
      <object_component id="oc-11e">
         <name>.data</name>
         <load_address>0x20000130</load_address>
         <run_address>0x20000130</run_address>
         <size>0x5c</size>
         <input_file_ref idref="fl-2"/>
      </object_component>
      <object_component id="oc-146">
         <name>.data</name>
         <load_address>0x20000200</load_address>
         <run_address>0x20000200</run_address>
         <size>0x8</size>
         <input_file_ref idref="fl-151"/>
      </object_component>
      <object_component id="oc-149">
         <name>.data</name>
         <load_address>0x20000208</load_address>
         <run_address>0x20000208</run_address>
         <size>0x8</size>
         <input_file_ref idref="fl-13e"/>
      </object_component>
      <object_component id="oc-179">
         <name>.data</name>
         <load_address>0x20000218</load_address>
         <run_address>0x20000218</run_address>
         <size>0x7</size>
         <input_file_ref idref="fl-8"/>
      </object_component>
      <object_component id="oc-205">
         <name>.data</name>
         <load_address>0x200001e0</load_address>
         <run_address>0x200001e0</run_address>
         <size>0x1d</size>
         <input_file_ref idref="fl-7"/>
      </object_component>
      <object_component id="oc-224">
         <name>.data</name>
         <load_address>0x2000018c</load_address>
         <run_address>0x2000018c</run_address>
         <size>0x54</size>
         <input_file_ref idref="fl-9"/>
      </object_component>
      <object_component id="oc-24e">
         <name>.data</name>
         <load_address>0x200000b0</load_address>
         <run_address>0x200000b0</run_address>
         <size>0x80</size>
         <input_file_ref idref="fl-150"/>
      </object_component>
      <object_component id="oc-2e6">
         <name>.data</name>
         <load_address>0x20000220</load_address>
         <run_address>0x20000220</run_address>
         <size>0x4</size>
         <input_file_ref idref="fl-155"/>
      </object_component>
      <object_component id="oc-31c">
         <name>.data</name>
         <load_address>0x20000210</load_address>
         <run_address>0x20000210</run_address>
         <size>0x8</size>
         <input_file_ref idref="fl-156"/>
      </object_component>
      <object_component id="oc-33d">
         <name>.data:sigtable</name>
         <load_address>0x20000000</load_address>
         <run_address>0x20000000</run_address>
         <size>0xb0</size>
         <input_file_ref idref="fl-158"/>
      </object_component>
      <object_component id="oc-202">
         <name>.bss:ACC_X_BUF</name>
         <uninitialized>true</uninitialized>
         <run_address>0x20000428</run_address>
         <size>0x50</size>
         <input_file_ref idref="fl-7"/>
      </object_component>
      <object_component id="oc-208">
         <name>.bss:ACC_Y_BUF</name>
         <uninitialized>true</uninitialized>
         <run_address>0x20000478</run_address>
         <size>0x50</size>
         <input_file_ref idref="fl-7"/>
      </object_component>
      <object_component id="oc-20b">
         <name>.bss:ACC_Z_BUF</name>
         <uninitialized>true</uninitialized>
         <run_address>0x200004c8</run_address>
         <size>0x50</size>
         <input_file_ref idref="fl-7"/>
      </object_component>
      <object_component id="oc-21f">
         <name>.common:GYRO_OFFSET</name>
         <uninitialized>true</uninitialized>
         <run_address>0x2000052e</run_address>
         <size>0x6</size>
      </object_component>
      <object_component id="oc-21c">
         <name>.common:ACC_OFFSET</name>
         <uninitialized>true</uninitialized>
         <run_address>0x20000528</run_address>
         <size>0x6</size>
      </object_component>
      <object_component id="oc-1b2">
         <name>.common:OutputData</name>
         <uninitialized>true</uninitialized>
         <run_address>0x20000518</run_address>
         <size>0x10</size>
      </object_component>
      <object_component id="oc-227">
         <name>.common:roll_P_out</name>
         <uninitialized>true</uninitialized>
         <run_address>0x20000538</run_address>
         <size>0x4</size>
      </object_component>
      <object_component id="oc-22a">
         <name>.common:pitch_P_out</name>
         <uninitialized>true</uninitialized>
         <run_address>0x20000534</run_address>
         <size>0x4</size>
      </object_component>
      <object_component id="oc-28">
         <name>.stack</name>
         <uninitialized>true</uninitialized>
         <run_address>0x20000228</run_address>
         <size>0x0</size>
         <input_file_ref idref="fl-13a"/>
      </object_component>
      <object_component id="oc-36f">
         <name>.stack</name>
         <uninitialized>true</uninitialized>
         <run_address>0x20000228</run_address>
         <size>0x0</size>
      </object_component>
      <object_component id="oc-f">
         <name>.debug_info</name>
         <load_address>0x0</load_address>
         <run_address>0x0</run_address>
         <size>0xcf</size>
         <input_file_ref idref="fl-3"/>
      </object_component>
      <object_component id="oc-13">
         <name>.debug_info</name>
         <load_address>0xcf</load_address>
         <run_address>0xcf</run_address>
         <size>0xf3</size>
         <input_file_ref idref="fl-13a"/>
      </object_component>
      <object_component id="oc-18">
         <name>.debug_info</name>
         <load_address>0x1c2</load_address>
         <run_address>0x1c2</run_address>
         <size>0x194</size>
         <input_file_ref idref="fl-13b"/>
      </object_component>
      <object_component id="oc-1e">
         <name>.debug_info</name>
         <load_address>0x356</load_address>
         <run_address>0x356</run_address>
         <size>0x16a</size>
         <input_file_ref idref="fl-13d"/>
      </object_component>
      <object_component id="oc-26">
         <name>.debug_info</name>
         <load_address>0x4c0</load_address>
         <run_address>0x4c0</run_address>
         <size>0x18e</size>
         <input_file_ref idref="fl-13c"/>
      </object_component>
      <object_component id="oc-2a">
         <name>.debug_info</name>
         <load_address>0x64e</load_address>
         <run_address>0x64e</run_address>
         <size>0x24b</size>
         <input_file_ref idref="fl-3"/>
      </object_component>
      <object_component id="oc-30">
         <name>.debug_info</name>
         <load_address>0x899</load_address>
         <run_address>0x899</run_address>
         <size>0x573</size>
         <input_file_ref idref="fl-2"/>
      </object_component>
      <object_component id="oc-37">
         <name>.debug_info</name>
         <load_address>0xe0c</load_address>
         <run_address>0xe0c</run_address>
         <size>0x136</size>
         <input_file_ref idref="fl-3"/>
      </object_component>
      <object_component id="oc-3b">
         <name>.debug_info</name>
         <load_address>0xf42</load_address>
         <run_address>0xf42</run_address>
         <size>0x13d</size>
         <input_file_ref idref="fl-153"/>
      </object_component>
      <object_component id="oc-3f">
         <name>.debug_info</name>
         <load_address>0x107f</load_address>
         <run_address>0x107f</run_address>
         <size>0x11c</size>
         <input_file_ref idref="fl-152"/>
      </object_component>
      <object_component id="oc-47">
         <name>.debug_info</name>
         <load_address>0x119b</load_address>
         <run_address>0x119b</run_address>
         <size>0x1c2</size>
         <input_file_ref idref="fl-13e"/>
      </object_component>
      <object_component id="oc-4a">
         <name>.debug_info</name>
         <load_address>0x135d</load_address>
         <run_address>0x135d</run_address>
         <size>0xbe</size>
         <input_file_ref idref="fl-14a"/>
      </object_component>
      <object_component id="oc-50">
         <name>.debug_info</name>
         <load_address>0x141b</load_address>
         <run_address>0x141b</run_address>
         <size>0xcc</size>
         <input_file_ref idref="fl-147"/>
      </object_component>
      <object_component id="oc-53">
         <name>.debug_info</name>
         <load_address>0x14e7</load_address>
         <run_address>0x14e7</run_address>
         <size>0x46</size>
         <input_file_ref idref="fl-13b"/>
      </object_component>
      <object_component id="oc-58">
         <name>.debug_info</name>
         <load_address>0x152d</load_address>
         <run_address>0x152d</run_address>
         <size>0xf2</size>
         <input_file_ref idref="fl-13b"/>
      </object_component>
      <object_component id="oc-5a">
         <name>.debug_info</name>
         <load_address>0x161f</load_address>
         <run_address>0x161f</run_address>
         <size>0x46</size>
         <input_file_ref idref="fl-13d"/>
      </object_component>
      <object_component id="oc-5f">
         <name>.debug_info</name>
         <load_address>0x1665</load_address>
         <run_address>0x1665</run_address>
         <size>0xad</size>
         <input_file_ref idref="fl-13d"/>
      </object_component>
      <object_component id="oc-64">
         <name>.debug_info</name>
         <load_address>0x1712</load_address>
         <run_address>0x1712</run_address>
         <size>0x1ef</size>
         <input_file_ref idref="fl-13c"/>
      </object_component>
      <object_component id="oc-67">
         <name>.debug_info</name>
         <load_address>0x1901</load_address>
         <run_address>0x1901</run_address>
         <size>0xb7</size>
         <input_file_ref idref="fl-13c"/>
      </object_component>
      <object_component id="oc-68">
         <name>.debug_info</name>
         <load_address>0x19b8</load_address>
         <run_address>0x19b8</run_address>
         <size>0x39</size>
         <input_file_ref idref="fl-13c"/>
      </object_component>
      <object_component id="oc-6f">
         <name>.debug_info</name>
         <load_address>0x19f1</load_address>
         <run_address>0x19f1</run_address>
         <size>0x171</size>
         <input_file_ref idref="fl-160"/>
      </object_component>
      <object_component id="oc-75">
         <name>.debug_info</name>
         <load_address>0x1b62</load_address>
         <run_address>0x1b62</run_address>
         <size>0x189</size>
         <input_file_ref idref="fl-160"/>
      </object_component>
      <object_component id="oc-7b">
         <name>.debug_info</name>
         <load_address>0x1ceb</load_address>
         <run_address>0x1ceb</run_address>
         <size>0x2d4</size>
         <input_file_ref idref="fl-15c"/>
      </object_component>
      <object_component id="oc-82">
         <name>.debug_info</name>
         <load_address>0x1fbf</load_address>
         <run_address>0x1fbf</run_address>
         <size>0x41b</size>
         <input_file_ref idref="fl-4"/>
      </object_component>
      <object_component id="oc-88">
         <name>.debug_info</name>
         <load_address>0x23da</load_address>
         <run_address>0x23da</run_address>
         <size>0xf3f</size>
         <input_file_ref idref="fl-8"/>
      </object_component>
      <object_component id="oc-8d">
         <name>.debug_info</name>
         <load_address>0x3319</load_address>
         <run_address>0x3319</run_address>
         <size>0x10f2</size>
         <input_file_ref idref="fl-6"/>
      </object_component>
      <object_component id="oc-94">
         <name>.debug_info</name>
         <load_address>0x440b</load_address>
         <run_address>0x440b</run_address>
         <size>0x1e1</size>
         <input_file_ref idref="fl-15c"/>
      </object_component>
      <object_component id="oc-99">
         <name>.debug_info</name>
         <load_address>0x45ec</load_address>
         <run_address>0x45ec</run_address>
         <size>0x1f0</size>
         <input_file_ref idref="fl-15b"/>
      </object_component>
      <object_component id="oc-9f">
         <name>.debug_info</name>
         <load_address>0x47dc</load_address>
         <run_address>0x47dc</run_address>
         <size>0x202</size>
         <input_file_ref idref="fl-15c"/>
      </object_component>
      <object_component id="oc-a5">
         <name>.debug_info</name>
         <load_address>0x49de</load_address>
         <run_address>0x49de</run_address>
         <size>0x21e</size>
         <input_file_ref idref="fl-15b"/>
      </object_component>
      <object_component id="oc-ab">
         <name>.debug_info</name>
         <load_address>0x4bfc</load_address>
         <run_address>0x4bfc</run_address>
         <size>0x1cc</size>
         <input_file_ref idref="fl-15e"/>
      </object_component>
      <object_component id="oc-b1">
         <name>.debug_info</name>
         <load_address>0x4dc8</load_address>
         <run_address>0x4dc8</run_address>
         <size>0x1f8</size>
         <input_file_ref idref="fl-15b"/>
      </object_component>
      <object_component id="oc-b7">
         <name>.debug_info</name>
         <load_address>0x4fc0</load_address>
         <run_address>0x4fc0</run_address>
         <size>0x1e3</size>
         <input_file_ref idref="fl-15b"/>
      </object_component>
      <object_component id="oc-be">
         <name>.debug_info</name>
         <load_address>0x51a3</load_address>
         <run_address>0x51a3</run_address>
         <size>0x3d5</size>
         <input_file_ref idref="fl-a"/>
      </object_component>
      <object_component id="oc-c3">
         <name>.debug_info</name>
         <load_address>0x5578</load_address>
         <run_address>0x5578</run_address>
         <size>0x1e3</size>
         <input_file_ref idref="fl-15a"/>
      </object_component>
      <object_component id="oc-c9">
         <name>.debug_info</name>
         <load_address>0x575b</load_address>
         <run_address>0x575b</run_address>
         <size>0x1f1</size>
         <input_file_ref idref="fl-15a"/>
      </object_component>
      <object_component id="oc-d0">
         <name>.debug_info</name>
         <load_address>0x594c</load_address>
         <run_address>0x594c</run_address>
         <size>0x1c7</size>
         <input_file_ref idref="fl-15a"/>
      </object_component>
      <object_component id="oc-d6">
         <name>.debug_info</name>
         <load_address>0x5b13</load_address>
         <run_address>0x5b13</run_address>
         <size>0x1f1</size>
         <input_file_ref idref="fl-15a"/>
      </object_component>
      <object_component id="oc-dc">
         <name>.debug_info</name>
         <load_address>0x5d04</load_address>
         <run_address>0x5d04</run_address>
         <size>0x207</size>
         <input_file_ref idref="fl-15f"/>
      </object_component>
      <object_component id="oc-e3">
         <name>.debug_info</name>
         <load_address>0x5f0b</load_address>
         <run_address>0x5f0b</run_address>
         <size>0x1b7</size>
         <input_file_ref idref="fl-15a"/>
      </object_component>
      <object_component id="oc-e8">
         <name>.debug_info</name>
         <load_address>0x60c2</load_address>
         <run_address>0x60c2</run_address>
         <size>0x1f6</size>
         <input_file_ref idref="fl-15b"/>
      </object_component>
      <object_component id="oc-ef">
         <name>.debug_info</name>
         <load_address>0x62b8</load_address>
         <run_address>0x62b8</run_address>
         <size>0x524</size>
         <input_file_ref idref="fl-7"/>
      </object_component>
      <object_component id="oc-f4">
         <name>.debug_info</name>
         <load_address>0x67dc</load_address>
         <run_address>0x67dc</run_address>
         <size>0xdf</size>
         <input_file_ref idref="fl-146"/>
      </object_component>
      <object_component id="oc-fa">
         <name>.debug_info</name>
         <load_address>0x68bb</load_address>
         <run_address>0x68bb</run_address>
         <size>0xed</size>
         <input_file_ref idref="fl-142"/>
      </object_component>
      <object_component id="oc-ff">
         <name>.debug_info</name>
         <load_address>0x69a8</load_address>
         <run_address>0x69a8</run_address>
         <size>0xe8</size>
         <input_file_ref idref="fl-144"/>
      </object_component>
      <object_component id="oc-103">
         <name>.debug_info</name>
         <load_address>0x6a90</load_address>
         <run_address>0x6a90</run_address>
         <size>0x39d</size>
         <input_file_ref idref="fl-9"/>
      </object_component>
      <object_component id="oc-10a">
         <name>.debug_info</name>
         <load_address>0x6e2d</load_address>
         <run_address>0x6e2d</run_address>
         <size>0xdf</size>
         <input_file_ref idref="fl-145"/>
      </object_component>
      <object_component id="oc-110">
         <name>.debug_info</name>
         <load_address>0x6f0c</load_address>
         <run_address>0x6f0c</run_address>
         <size>0x224</size>
         <input_file_ref idref="fl-138"/>
      </object_component>
      <object_component id="oc-115">
         <name>.debug_info</name>
         <load_address>0x7130</load_address>
         <run_address>0x7130</run_address>
         <size>0xe1</size>
         <input_file_ref idref="fl-143"/>
      </object_component>
      <object_component id="oc-11b">
         <name>.debug_info</name>
         <load_address>0x7211</load_address>
         <run_address>0x7211</run_address>
         <size>0x1df</size>
         <input_file_ref idref="fl-15f"/>
      </object_component>
      <object_component id="oc-11f">
         <name>.debug_info</name>
         <load_address>0x73f0</load_address>
         <run_address>0x73f0</run_address>
         <size>0x479</size>
         <input_file_ref idref="fl-2"/>
      </object_component>
      <object_component id="oc-122">
         <name>.debug_info</name>
         <load_address>0x7869</load_address>
         <run_address>0x7869</run_address>
         <size>0x899</size>
         <input_file_ref idref="fl-2"/>
      </object_component>
      <object_component id="oc-124">
         <name>.debug_info</name>
         <load_address>0x8102</load_address>
         <run_address>0x8102</run_address>
         <size>0x2af</size>
         <input_file_ref idref="fl-7"/>
      </object_component>
      <object_component id="oc-12c">
         <name>.debug_info</name>
         <load_address>0x83b1</load_address>
         <run_address>0x83b1</run_address>
         <size>0x8b</size>
         <input_file_ref idref="fl-2"/>
      </object_component>
      <object_component id="oc-131">
         <name>.debug_info</name>
         <load_address>0x843c</load_address>
         <run_address>0x843c</run_address>
         <size>0x18b</size>
         <input_file_ref idref="fl-2"/>
      </object_component>
      <object_component id="oc-138">
         <name>.debug_info</name>
         <load_address>0x85c7</load_address>
         <run_address>0x85c7</run_address>
         <size>0x84</size>
         <input_file_ref idref="fl-3"/>
      </object_component>
      <object_component id="oc-13f">
         <name>.debug_info</name>
         <load_address>0x864b</load_address>
         <run_address>0x864b</run_address>
         <size>0x14b</size>
         <input_file_ref idref="fl-154"/>
      </object_component>
      <object_component id="oc-145">
         <name>.debug_info</name>
         <load_address>0x8796</load_address>
         <run_address>0x8796</run_address>
         <size>0x11b</size>
         <input_file_ref idref="fl-152"/>
      </object_component>
      <object_component id="oc-147">
         <name>.debug_info</name>
         <load_address>0x88b1</load_address>
         <run_address>0x88b1</run_address>
         <size>0xc8</size>
         <input_file_ref idref="fl-151"/>
      </object_component>
      <object_component id="oc-14a">
         <name>.debug_info</name>
         <load_address>0x8979</load_address>
         <run_address>0x8979</run_address>
         <size>0xeb</size>
         <input_file_ref idref="fl-13e"/>
      </object_component>
      <object_component id="oc-14d">
         <name>.debug_info</name>
         <load_address>0x8a64</load_address>
         <run_address>0x8a64</run_address>
         <size>0x146</size>
         <input_file_ref idref="fl-13e"/>
      </object_component>
      <object_component id="oc-152">
         <name>.debug_info</name>
         <load_address>0x8baa</load_address>
         <run_address>0x8baa</run_address>
         <size>0x2c</size>
         <input_file_ref idref="fl-13b"/>
      </object_component>
      <object_component id="oc-159">
         <name>.debug_info</name>
         <load_address>0x8bd6</load_address>
         <run_address>0x8bd6</run_address>
         <size>0x2c</size>
         <input_file_ref idref="fl-13d"/>
      </object_component>
      <object_component id="oc-166">
         <name>.debug_info</name>
         <load_address>0x8c02</load_address>
         <run_address>0x8c02</run_address>
         <size>0x18b</size>
         <input_file_ref idref="fl-15a"/>
      </object_component>
      <object_component id="oc-16b">
         <name>.debug_info</name>
         <load_address>0x8d8d</load_address>
         <run_address>0x8d8d</run_address>
         <size>0x226</size>
         <input_file_ref idref="fl-15c"/>
      </object_component>
      <object_component id="oc-16e">
         <name>.debug_info</name>
         <load_address>0x8fb3</load_address>
         <run_address>0x8fb3</run_address>
         <size>0x312</size>
         <input_file_ref idref="fl-15f"/>
      </object_component>
      <object_component id="oc-174">
         <name>.debug_info</name>
         <load_address>0x92c5</load_address>
         <run_address>0x92c5</run_address>
         <size>0x217</size>
         <input_file_ref idref="fl-15f"/>
      </object_component>
      <object_component id="oc-17a">
         <name>.debug_info</name>
         <load_address>0x94dc</load_address>
         <run_address>0x94dc</run_address>
         <size>0x110</size>
         <input_file_ref idref="fl-8"/>
      </object_component>
      <object_component id="oc-17d">
         <name>.debug_info</name>
         <load_address>0x95ec</load_address>
         <run_address>0x95ec</run_address>
         <size>0x32f</size>
         <input_file_ref idref="fl-8"/>
      </object_component>
      <object_component id="oc-17f">
         <name>.debug_info</name>
         <load_address>0x991b</load_address>
         <run_address>0x991b</run_address>
         <size>0xbb</size>
         <input_file_ref idref="fl-2"/>
      </object_component>
      <object_component id="oc-185">
         <name>.debug_info</name>
         <load_address>0x99d6</load_address>
         <run_address>0x99d6</run_address>
         <size>0x1a2</size>
         <input_file_ref idref="fl-15e"/>
      </object_component>
      <object_component id="oc-18d">
         <name>.debug_info</name>
         <load_address>0x9b78</load_address>
         <run_address>0x9b78</run_address>
         <size>0x1e4</size>
         <input_file_ref idref="fl-15f"/>
      </object_component>
      <object_component id="oc-192">
         <name>.debug_info</name>
         <load_address>0x9d5c</load_address>
         <run_address>0x9d5c</run_address>
         <size>0x1df</size>
         <input_file_ref idref="fl-15f"/>
      </object_component>
      <object_component id="oc-197">
         <name>.debug_info</name>
         <load_address>0x9f3b</load_address>
         <run_address>0x9f3b</run_address>
         <size>0x28a</size>
         <input_file_ref idref="fl-15a"/>
      </object_component>
      <object_component id="oc-19d">
         <name>.debug_info</name>
         <load_address>0xa1c5</load_address>
         <run_address>0xa1c5</run_address>
         <size>0x1f3</size>
         <input_file_ref idref="fl-15a"/>
      </object_component>
      <object_component id="oc-1a4">
         <name>.debug_info</name>
         <load_address>0xa3b8</load_address>
         <run_address>0xa3b8</run_address>
         <size>0x25d</size>
         <input_file_ref idref="fl-15a"/>
      </object_component>
      <object_component id="oc-1aa">
         <name>.debug_info</name>
         <load_address>0xa615</load_address>
         <run_address>0xa615</run_address>
         <size>0xfc</size>
         <input_file_ref idref="fl-148"/>
      </object_component>
      <object_component id="oc-1ae">
         <name>.debug_info</name>
         <load_address>0xa711</load_address>
         <run_address>0xa711</run_address>
         <size>0x400</size>
         <input_file_ref idref="fl-6"/>
      </object_component>
      <object_component id="oc-1b6">
         <name>.debug_info</name>
         <load_address>0xab11</load_address>
         <run_address>0xab11</run_address>
         <size>0x1cf</size>
         <input_file_ref idref="fl-15b"/>
      </object_component>
      <object_component id="oc-1b8">
         <name>.debug_info</name>
         <load_address>0xace0</load_address>
         <run_address>0xace0</run_address>
         <size>0xff</size>
         <input_file_ref idref="fl-15c"/>
      </object_component>
      <object_component id="oc-1bd">
         <name>.debug_info</name>
         <load_address>0xaddf</load_address>
         <run_address>0xaddf</run_address>
         <size>0x1c2</size>
         <input_file_ref idref="fl-15e"/>
      </object_component>
      <object_component id="oc-1c0">
         <name>.debug_info</name>
         <load_address>0xafa1</load_address>
         <run_address>0xafa1</run_address>
         <size>0x1ba</size>
         <input_file_ref idref="fl-15e"/>
      </object_component>
      <object_component id="oc-1c5">
         <name>.debug_info</name>
         <load_address>0xb15b</load_address>
         <run_address>0xb15b</run_address>
         <size>0x1c7</size>
         <input_file_ref idref="fl-15c"/>
      </object_component>
      <object_component id="oc-1cb">
         <name>.debug_info</name>
         <load_address>0xb322</load_address>
         <run_address>0xb322</run_address>
         <size>0x1dd</size>
         <input_file_ref idref="fl-15f"/>
      </object_component>
      <object_component id="oc-1d0">
         <name>.debug_info</name>
         <load_address>0xb4ff</load_address>
         <run_address>0xb4ff</run_address>
         <size>0x217</size>
         <input_file_ref idref="fl-15d"/>
      </object_component>
      <object_component id="oc-1d9">
         <name>.debug_info</name>
         <load_address>0xb716</load_address>
         <run_address>0xb716</run_address>
         <size>0x21a</size>
         <input_file_ref idref="fl-15d"/>
      </object_component>
      <object_component id="oc-1dc">
         <name>.debug_info</name>
         <load_address>0xb930</load_address>
         <run_address>0xb930</run_address>
         <size>0x1da</size>
         <input_file_ref idref="fl-15d"/>
      </object_component>
      <object_component id="oc-1e5">
         <name>.debug_info</name>
         <load_address>0xbb0a</load_address>
         <run_address>0xbb0a</run_address>
         <size>0x1e4</size>
         <input_file_ref idref="fl-15d"/>
      </object_component>
      <object_component id="oc-1eb">
         <name>.debug_info</name>
         <load_address>0xbcee</load_address>
         <run_address>0xbcee</run_address>
         <size>0x25a</size>
         <input_file_ref idref="fl-15d"/>
      </object_component>
      <object_component id="oc-1f1">
         <name>.debug_info</name>
         <load_address>0xbf48</load_address>
         <run_address>0xbf48</run_address>
         <size>0x228</size>
         <input_file_ref idref="fl-15d"/>
      </object_component>
      <object_component id="oc-1f5">
         <name>.debug_info</name>
         <load_address>0xc170</load_address>
         <run_address>0xc170</run_address>
         <size>0x90</size>
         <input_file_ref idref="fl-15a"/>
      </object_component>
      <object_component id="oc-1fa">
         <name>.debug_info</name>
         <load_address>0xc200</load_address>
         <run_address>0xc200</run_address>
         <size>0x1ce</size>
         <input_file_ref idref="fl-15a"/>
      </object_component>
      <object_component id="oc-1ff">
         <name>.debug_info</name>
         <load_address>0xc3ce</load_address>
         <run_address>0xc3ce</run_address>
         <size>0x1d7</size>
         <input_file_ref idref="fl-15f"/>
      </object_component>
      <object_component id="oc-203">
         <name>.debug_info</name>
         <load_address>0xc5a5</load_address>
         <run_address>0xc5a5</run_address>
         <size>0xbc</size>
         <input_file_ref idref="fl-7"/>
      </object_component>
      <object_component id="oc-206">
         <name>.debug_info</name>
         <load_address>0xc661</load_address>
         <run_address>0xc661</run_address>
         <size>0x13e</size>
         <input_file_ref idref="fl-7"/>
      </object_component>
      <object_component id="oc-209">
         <name>.debug_info</name>
         <load_address>0xc79f</load_address>
         <run_address>0xc79f</run_address>
         <size>0xbc</size>
         <input_file_ref idref="fl-7"/>
      </object_component>
      <object_component id="oc-20c">
         <name>.debug_info</name>
         <load_address>0xc85b</load_address>
         <run_address>0xc85b</run_address>
         <size>0xbc</size>
         <input_file_ref idref="fl-7"/>
      </object_component>
      <object_component id="oc-211">
         <name>.debug_info</name>
         <load_address>0xc917</load_address>
         <run_address>0xc917</run_address>
         <size>0x237</size>
         <input_file_ref idref="fl-149"/>
      </object_component>
      <object_component id="oc-215">
         <name>.debug_info</name>
         <load_address>0xcb4e</load_address>
         <run_address>0xcb4e</run_address>
         <size>0x1b0</size>
         <input_file_ref idref="fl-139"/>
      </object_component>
      <object_component id="oc-225">
         <name>.debug_info</name>
         <load_address>0xccfe</load_address>
         <run_address>0xccfe</run_address>
         <size>0x366</size>
         <input_file_ref idref="fl-9"/>
      </object_component>
      <object_component id="oc-228">
         <name>.debug_info</name>
         <load_address>0xd064</load_address>
         <run_address>0xd064</run_address>
         <size>0x1da</size>
         <input_file_ref idref="fl-9"/>
      </object_component>
      <object_component id="oc-231">
         <name>.debug_info</name>
         <load_address>0xd23e</load_address>
         <run_address>0xd23e</run_address>
         <size>0x10f</size>
         <input_file_ref idref="fl-14d"/>
      </object_component>
      <object_component id="oc-236">
         <name>.debug_info</name>
         <load_address>0xd34d</load_address>
         <run_address>0xd34d</run_address>
         <size>0xdb</size>
         <input_file_ref idref="fl-140"/>
      </object_component>
      <object_component id="oc-23b">
         <name>.debug_info</name>
         <load_address>0xd428</load_address>
         <run_address>0xd428</run_address>
         <size>0xff</size>
         <input_file_ref idref="fl-13f"/>
      </object_component>
      <object_component id="oc-240">
         <name>.debug_info</name>
         <load_address>0xd527</load_address>
         <run_address>0xd527</run_address>
         <size>0xed</size>
         <input_file_ref idref="fl-141"/>
      </object_component>
      <object_component id="oc-245">
         <name>.debug_info</name>
         <load_address>0xd614</load_address>
         <run_address>0xd614</run_address>
         <size>0x300</size>
         <input_file_ref idref="fl-14b"/>
      </object_component>
      <object_component id="oc-249">
         <name>.debug_info</name>
         <load_address>0xd914</load_address>
         <run_address>0xd914</run_address>
         <size>0x127</size>
         <input_file_ref idref="fl-14f"/>
      </object_component>
      <object_component id="oc-24f">
         <name>.debug_info</name>
         <load_address>0xda3b</load_address>
         <run_address>0xda3b</run_address>
         <size>0x189</size>
         <input_file_ref idref="fl-150"/>
      </object_component>
      <object_component id="oc-252">
         <name>.debug_info</name>
         <load_address>0xdbc4</load_address>
         <run_address>0xdbc4</run_address>
         <size>0x142</size>
         <input_file_ref idref="fl-138"/>
      </object_component>
      <object_component id="oc-259">
         <name>.debug_info</name>
         <load_address>0xdd06</load_address>
         <run_address>0xdd06</run_address>
         <size>0x76</size>
         <input_file_ref idref="fl-2"/>
      </object_component>
      <object_component id="oc-261">
         <name>.debug_info</name>
         <load_address>0xdd7c</load_address>
         <run_address>0xdd7c</run_address>
         <size>0x148</size>
         <input_file_ref idref="fl-154"/>
      </object_component>
      <object_component id="oc-264">
         <name>.debug_info</name>
         <load_address>0xdec4</load_address>
         <run_address>0xdec4</run_address>
         <size>0x5e</size>
         <input_file_ref idref="fl-152"/>
      </object_component>
      <object_component id="oc-26b">
         <name>.debug_info</name>
         <load_address>0xdf22</load_address>
         <run_address>0xdf22</run_address>
         <size>0x1d4</size>
         <input_file_ref idref="fl-151"/>
      </object_component>
      <object_component id="oc-271">
         <name>.debug_info</name>
         <load_address>0xe0f6</load_address>
         <run_address>0xe0f6</run_address>
         <size>0xd9</size>
         <input_file_ref idref="fl-151"/>
      </object_component>
      <object_component id="oc-279">
         <name>.debug_info</name>
         <load_address>0xe1cf</load_address>
         <run_address>0xe1cf</run_address>
         <size>0x5f</size>
         <input_file_ref idref="fl-15c"/>
      </object_component>
      <object_component id="oc-284">
         <name>.debug_info</name>
         <load_address>0xe22e</load_address>
         <run_address>0xe22e</run_address>
         <size>0x84</size>
         <input_file_ref idref="fl-8"/>
      </object_component>
      <object_component id="oc-28a">
         <name>.debug_info</name>
         <load_address>0xe2b2</load_address>
         <run_address>0xe2b2</run_address>
         <size>0x176</size>
         <input_file_ref idref="fl-161"/>
      </object_component>
      <object_component id="oc-291">
         <name>.debug_info</name>
         <load_address>0xe428</load_address>
         <run_address>0xe428</run_address>
         <size>0x10d</size>
         <input_file_ref idref="fl-15f"/>
      </object_component>
      <object_component id="oc-296">
         <name>.debug_info</name>
         <load_address>0xe535</load_address>
         <run_address>0xe535</run_address>
         <size>0x233</size>
         <input_file_ref idref="fl-15a"/>
      </object_component>
      <object_component id="oc-29c">
         <name>.debug_info</name>
         <load_address>0xe768</load_address>
         <run_address>0xe768</run_address>
         <size>0x1ab</size>
         <input_file_ref idref="fl-15a"/>
      </object_component>
      <object_component id="oc-2b2">
         <name>.debug_info</name>
         <load_address>0xe913</load_address>
         <run_address>0xe913</run_address>
         <size>0x194</size>
         <input_file_ref idref="fl-15d"/>
      </object_component>
      <object_component id="oc-2c5">
         <name>.debug_info</name>
         <load_address>0xeaa7</load_address>
         <run_address>0xeaa7</run_address>
         <size>0x147</size>
         <input_file_ref idref="fl-14e"/>
      </object_component>
      <object_component id="oc-2cc">
         <name>.debug_info</name>
         <load_address>0xebee</load_address>
         <run_address>0xebee</run_address>
         <size>0x172</size>
         <input_file_ref idref="fl-14c"/>
      </object_component>
      <object_component id="oc-2d2">
         <name>.debug_info</name>
         <load_address>0xed60</load_address>
         <run_address>0xed60</run_address>
         <size>0xe0</size>
         <input_file_ref idref="fl-139"/>
      </object_component>
      <object_component id="oc-2d8">
         <name>.debug_info</name>
         <load_address>0xee40</load_address>
         <run_address>0xee40</run_address>
         <size>0x9a</size>
         <input_file_ref idref="fl-14d"/>
      </object_component>
      <object_component id="oc-2dd">
         <name>.debug_info</name>
         <load_address>0xeeda</load_address>
         <run_address>0xeeda</run_address>
         <size>0xf2</size>
         <input_file_ref idref="fl-14b"/>
      </object_component>
      <object_component id="oc-2e4">
         <name>.debug_info</name>
         <load_address>0xefcc</load_address>
         <run_address>0xefcc</run_address>
         <size>0x143</size>
         <input_file_ref idref="fl-156"/>
      </object_component>
      <object_component id="oc-2e7">
         <name>.debug_info</name>
         <load_address>0xf10f</load_address>
         <run_address>0xf10f</run_address>
         <size>0xaa</size>
         <input_file_ref idref="fl-155"/>
      </object_component>
      <object_component id="oc-2ec">
         <name>.debug_info</name>
         <load_address>0xf1b9</load_address>
         <run_address>0xf1b9</run_address>
         <size>0x86</size>
         <input_file_ref idref="fl-2"/>
      </object_component>
      <object_component id="oc-2f5">
         <name>.debug_info</name>
         <load_address>0xf23f</load_address>
         <run_address>0xf23f</run_address>
         <size>0xcd</size>
         <input_file_ref idref="fl-154"/>
      </object_component>
      <object_component id="oc-306">
         <name>.debug_info</name>
         <load_address>0xf30c</load_address>
         <run_address>0xf30c</run_address>
         <size>0x121</size>
         <input_file_ref idref="fl-159"/>
      </object_component>
      <object_component id="oc-30b">
         <name>.debug_info</name>
         <load_address>0xf42d</load_address>
         <run_address>0xf42d</run_address>
         <size>0xcf</size>
         <input_file_ref idref="fl-14e"/>
      </object_component>
      <object_component id="oc-30d">
         <name>.debug_info</name>
         <load_address>0xf4fc</load_address>
         <run_address>0xf4fc</run_address>
         <size>0xe5</size>
         <input_file_ref idref="fl-14c"/>
      </object_component>
      <object_component id="oc-314">
         <name>.debug_info</name>
         <load_address>0xf5e1</load_address>
         <run_address>0xf5e1</run_address>
         <size>0x11a</size>
         <input_file_ref idref="fl-14b"/>
      </object_component>
      <object_component id="oc-319">
         <name>.debug_info</name>
         <load_address>0xf6fb</load_address>
         <run_address>0xf6fb</run_address>
         <size>0x128</size>
         <input_file_ref idref="fl-157"/>
      </object_component>
      <object_component id="oc-31d">
         <name>.debug_info</name>
         <load_address>0xf823</load_address>
         <run_address>0xf823</run_address>
         <size>0xe2</size>
         <input_file_ref idref="fl-156"/>
      </object_component>
      <object_component id="oc-323">
         <name>.debug_info</name>
         <load_address>0xf905</load_address>
         <run_address>0xf905</run_address>
         <size>0x9a</size>
         <input_file_ref idref="fl-159"/>
      </object_component>
      <object_component id="oc-32e">
         <name>.debug_info</name>
         <load_address>0xf99f</load_address>
         <run_address>0xf99f</run_address>
         <size>0x13e</size>
         <input_file_ref idref="fl-158"/>
      </object_component>
      <object_component id="oc-331">
         <name>.debug_info</name>
         <load_address>0xfadd</load_address>
         <run_address>0xfadd</run_address>
         <size>0xd1</size>
         <input_file_ref idref="fl-157"/>
      </object_component>
      <object_component id="oc-334">
         <name>.debug_info</name>
         <load_address>0xfbae</load_address>
         <run_address>0xfbae</run_address>
         <size>0x6f</size>
         <input_file_ref idref="fl-156"/>
      </object_component>
      <object_component id="oc-339">
         <name>.debug_info</name>
         <load_address>0xfc1d</load_address>
         <run_address>0xfc1d</run_address>
         <size>0x112</size>
         <input_file_ref idref="fl-156"/>
      </object_component>
      <object_component id="oc-33e">
         <name>.debug_info</name>
         <load_address>0xfd2f</load_address>
         <run_address>0xfd2f</run_address>
         <size>0xaf</size>
         <input_file_ref idref="fl-158"/>
      </object_component>
      <object_component id="oc-341">
         <name>.debug_info</name>
         <load_address>0xfdde</load_address>
         <run_address>0xfdde</run_address>
         <size>0xf1</size>
         <input_file_ref idref="fl-158"/>
      </object_component>
      <object_component id="oc-344">
         <name>.debug_info</name>
         <load_address>0xfecf</load_address>
         <run_address>0xfecf</run_address>
         <size>0x2c</size>
         <input_file_ref idref="fl-157"/>
      </object_component>
      <object_component id="oc-370">
         <name>.debug_info</name>
         <load_address>0xfefb</load_address>
         <run_address>0xfefb</run_address>
         <size>0x89</size>
      </object_component>
      <object_component id="oc-10">
         <name>.debug_pubnames</name>
         <load_address>0x0</load_address>
         <run_address>0x0</run_address>
         <size>0x23</size>
         <input_file_ref idref="fl-3"/>
      </object_component>
      <object_component id="oc-14">
         <name>.debug_pubnames</name>
         <load_address>0x23</load_address>
         <run_address>0x23</run_address>
         <size>0x1f</size>
         <input_file_ref idref="fl-13a"/>
      </object_component>
      <object_component id="oc-1a">
         <name>.debug_pubnames</name>
         <load_address>0x42</load_address>
         <run_address>0x42</run_address>
         <size>0x2b</size>
         <input_file_ref idref="fl-13b"/>
      </object_component>
      <object_component id="oc-1f">
         <name>.debug_pubnames</name>
         <load_address>0x6d</load_address>
         <run_address>0x6d</run_address>
         <size>0x25</size>
         <input_file_ref idref="fl-13d"/>
      </object_component>
      <object_component id="oc-27">
         <name>.debug_pubnames</name>
         <load_address>0x92</load_address>
         <run_address>0x92</run_address>
         <size>0x2c</size>
         <input_file_ref idref="fl-13c"/>
      </object_component>
[...]
      </symbol>
      <symbol id="sm-287">
         <name>yaw_D_out</name>
         <value>0x200001a4</value>
         <object_component_ref idref="oc-224"/>
      </symbol>
      <symbol id="sm-288">
         <name>KI_yaw</name>
         <value>0x200001d0</value>
         <object_component_ref idref="oc-224"/>
      </symbol>
      <symbol id="sm-289">
         <name>PWM_Out</name>
         <value>0x1e0d</value>
         <object_component_ref idref="oc-102"/>
      </symbol>
      <symbol id="sm-28a">
         <name>PID_pitch_OUT</name>
         <value>0x200001ac</value>
         <object_component_ref idref="oc-224"/>
      </symbol>
      <symbol id="sm-28b">
         <name>yaw_I_out</name>
         <value>0x20000198</value>
         <object_component_ref idref="oc-224"/>
      </symbol>
      <symbol id="sm-28c">
         <name>KP_yaw</name>
         <value>0x200001cc</value>
         <object_component_ref idref="oc-224"/>
      </symbol>
      <symbol id="sm-28d">
         <name>pitch_D_out</name>
         <value>0x200001a0</value>
         <object_component_ref idref="oc-224"/>
      </symbol>
      <symbol id="sm-28e">
         <name>KI_pitch</name>
         <value>0x200001c4</value>
         <object_component_ref idref="oc-224"/>
      </symbol>
      <symbol id="sm-28f">
         <name>roll_D_out</name>
         <value>0x2000019c</value>
         <object_component_ref idref="oc-224"/>
      </symbol>
      <symbol id="sm-290">
         <name>yaw_P_out</name>
         <value>0x2000018c</value>
         <object_component_ref idref="oc-224"/>
      </symbol>
      <symbol id="sm-291">
         <name>KP_roll</name>
         <value>0x200001b4</value>
         <object_component_ref idref="oc-224"/>
      </symbol>
      <symbol id="sm-292">
         <name>KD_roll</name>
         <value>0x200001bc</value>
         <object_component_ref idref="oc-224"/>
      </symbol>
      <symbol id="sm-293">
         <name>KI_roll</name>
         <value>0x200001b8</value>
         <object_component_ref idref="oc-224"/>
      </symbol>
      <symbol id="sm-294">
         <name>Temp2</name>
         <value>0x200001dc</value>
         <object_component_ref idref="oc-224"/>
      </symbol>
      <symbol id="sm-295">
         <name>Temp1</name>
         <value>0x200001d8</value>
         <object_component_ref idref="oc-224"/>
      </symbol>
      <symbol id="sm-296">
         <name>KD_yaw</name>
         <value>0x200001d4</value>
         <object_component_ref idref="oc-224"/>
      </symbol>
      <symbol id="sm-297">
         <name>KP_pitch</name>
         <value>0x200001c0</value>
         <object_component_ref idref="oc-224"/>
      </symbol>
      <symbol id="sm-2b0">
         <name>Init_PWM_console</name>
         <value>0x22f5</value>
         <object_component_ref idref="oc-bc"/>
      </symbol>
      <symbol id="sm-2c8">
         <name>asin</name>
         <value>0x27ed</value>
         <object_component_ref idref="oc-10d"/>
      </symbol>
      <symbol id="sm-2e1">
         <name>atan2</name>
         <value>0x2909</value>
         <object_component_ref idref="oc-214"/>
      </symbol>
      <symbol id="sm-2f1">
         <name>_c_int00</name>
         <value>0x33a9</value>
         <object_component_ref idref="oc-11"/>
      </symbol>
      <symbol id="sm-2f2">
         <name>__stack</name>
         <value>0x20000228</value>
         <object_component_ref idref="oc-28"/>
      </symbol>
      <symbol id="sm-309">
         <name>__TI_decompress_none</name>
         <value>0x3853</value>
         <object_component_ref idref="oc-16"/>
      </symbol>
      <symbol id="sm-32d">
         <name>__TI_decompress_rle24</name>
         <value>0x38d1</value>
         <object_component_ref idref="oc-22"/>
      </symbol>
      <symbol id="sm-346">
         <name>__TI_zero_init</name>
         <value>0x37e7</value>
         <object_component_ref idref="oc-1c"/>
      </symbol>
      <symbol id="sm-365">
         <name>C$$EXIT</name>
         <value>0x347d</value>
         <object_component_ref idref="oc-43"/>
      </symbol>
      <symbol id="sm-366">
         <name>abort</name>
         <value>0x3481</value>
         <object_component_ref idref="oc-43"/>
      </symbol>
      <symbol id="sm-367">
         <name>exit</name>
         <value>0x3489</value>
         <object_component_ref idref="oc-43"/>
      </symbol>
      <symbol id="sm-368">
         <name>__TI_dtors_ptr</name>
         <value>0x2000020c</value>
         <object_component_ref idref="oc-149"/>
      </symbol>
      <symbol id="sm-369">
         <name>__TI_cleanup_ptr</name>
         <value>0x20000208</value>
         <object_component_ref idref="oc-149"/>
      </symbol>
      <symbol id="sm-380">
         <name>__aeabi_dsub</name>
         <value>0x1fb1</value>
         <object_component_ref idref="oc-238"/>
      </symbol>
      <symbol id="sm-381">
         <name>__aeabi_dadd</name>
         <value>0x1fbb</value>
         <object_component_ref idref="oc-238"/>
      </symbol>
      <symbol id="sm-393">
         <name>__aeabi_cdcmpeq</name>
         <value>0x3095</value>
         <object_component_ref idref="oc-233"/>
      </symbol>
      <symbol id="sm-394">
         <name>__aeabi_cdcmple</name>
         <value>0x3095</value>
         <object_component_ref idref="oc-233"/>
      </symbol>
      <symbol id="sm-3a8">
         <name>__aeabi_ddiv</name>
         <value>0x2585</value>
         <object_component_ref idref="oc-23d"/>
      </symbol>
      <symbol id="sm-3b3">
         <name>__aeabi_dmul</name>
         <value>0x2c35</value>
         <object_component_ref idref="oc-f8"/>
      </symbol>
      <symbol id="sm-3bd">
         <name>__aeabi_d2iz</name>
         <value>0x33f1</value>
         <object_component_ref idref="oc-113"/>
      </symbol>
      <symbol id="sm-3c7">
         <name>__aeabi_d2f</name>
         <value>0x3315</value>
         <object_component_ref idref="oc-fd"/>
      </symbol>
      <symbol id="sm-3d2">
         <name>__aeabi_f2d</name>
         <value>0x3585</value>
         <object_component_ref idref="oc-108"/>
      </symbol>
      <symbol id="sm-3dc">
         <name>__aeabi_i2d</name>
         <value>0x3655</value>
         <object_component_ref idref="oc-f3"/>
      </symbol>
      <symbol id="sm-3f7">
         <name>memcpy</name>
         <value>0x2f65</value>
         <object_component_ref idref="oc-4d"/>
      </symbol>
      <symbol id="sm-3f8">
         <name>__aeabi_memcpy</name>
         <value>0x2f65</value>
         <object_component_ref idref="oc-4d"/>
      </symbol>
      <symbol id="sm-3f9">
         <name>__aeabi_memcpy8</name>
         <value>0x2f65</value>
         <object_component_ref idref="oc-4d"/>
      </symbol>
      <symbol id="sm-3fa">
         <name>__aeabi_memcpy4</name>
         <value>0x2f65</value>
         <object_component_ref idref="oc-4d"/>
      </symbol>
      <symbol id="sm-409">
         <name>__aeabi_memset</name>
         <value>0x311d</value>
         <object_component_ref idref="oc-1a8"/>
      </symbol>
      <symbol id="sm-40a">
         <name>memset</name>
         <value>0x3123</value>
         <object_component_ref idref="oc-1a8"/>
      </symbol>
      <symbol id="sm-40b">
         <name>__aeabi_memset8</name>
         <value>0x311d</value>
         <object_component_ref idref="oc-1a8"/>
      </symbol>
      <symbol id="sm-40c">
         <name>__aeabi_memset4</name>
         <value>0x311d</value>
         <object_component_ref idref="oc-1a8"/>
      </symbol>
      <symbol id="sm-40d">
         <name>__aeabi_memclr8</name>
         <value>0x311b</value>
         <object_component_ref idref="oc-1a8"/>
      </symbol>
      <symbol id="sm-40e">
         <name>__aeabi_memclr4</name>
         <value>0x311b</value>
         <object_component_ref idref="oc-1a8"/>
      </symbol>
      <symbol id="sm-40f">
         <name>__aeabi_memclr</name>
         <value>0x311b</value>
         <object_component_ref idref="oc-1a8"/>
      </symbol>
      <symbol id="sm-426">
         <name>sqrt</name>
         <value>0x243d</value>
         <object_component_ref idref="oc-20e"/>
      </symbol>
      <symbol id="sm-42e">
         <name>main_func_sp</name>
         <value>0x20000224</value>
         <object_component_ref idref="oc-49"/>
      </symbol>
      <symbol id="sm-451">
         <name>_Atan</name>
         <value>0x2169</value>
         <object_component_ref idref="oc-242"/>
      </symbol>
      <symbol id="sm-46c">
         <name>_Dscale</name>
         <value>0x2a21</value>
         <object_component_ref idref="oc-2ca"/>
      </symbol>
      <symbol id="sm-47e">
         <name>_Dtest</name>
         <value>0x34c1</value>
         <object_component_ref idref="oc-22d"/>
      </symbol>
      <symbol id="sm-492">
         <name>_Dunscale</name>
         <value>0x3193</value>
         <object_component_ref idref="oc-2c4"/>
      </symbol>
      <symbol id="sm-4a1">
         <name>_Feraise</name>
         <value>0x3625</value>
         <object_component_ref idref="oc-248"/>
      </symbol>
      <symbol id="sm-4b1">
         <name>_Rteps</name>
         <value>0x20000110</value>
         <object_component_ref idref="oc-24e"/>
      </symbol>
      <symbol id="sm-4b2">
         <name>_Zero</name>
         <value>0x20000128</value>
         <object_component_ref idref="oc-24e"/>
      </symbol>
      <symbol id="sm-4b3">
         <name>_Hugeval</name>
         <value>0x200000d0</value>
         <object_component_ref idref="oc-24e"/>
      </symbol>
      <symbol id="sm-4b4">
         <name>_Snan</name>
         <value>0x20000100</value>
         <object_component_ref idref="oc-24e"/>
      </symbol>
      <symbol id="sm-4b5">
         <name>_Nan</name>
         <value>0x200000f0</value>
         <object_component_ref idref="oc-24e"/>
      </symbol>
      <symbol id="sm-4b6">
         <name>_Inf</name>
         <value>0x200000e0</value>
         <object_component_ref idref="oc-24e"/>
      </symbol>
      <symbol id="sm-4b7">
         <name>_Xbig</name>
         <value>0x20000120</value>
         <object_component_ref idref="oc-24e"/>
      </symbol>
      <symbol id="sm-4b8">
         <name>_Eps</name>
         <value>0x200000c0</value>
         <object_component_ref idref="oc-24e"/>
      </symbol>
      <symbol id="sm-4b9">
         <name>_Denorm</name>
         <value>0x200000b0</value>
         <object_component_ref idref="oc-24e"/>
      </symbol>
      <symbol id="sm-4d2">
         <name>_nop</name>
         <value>0x3787</value>
         <object_component_ref idref="oc-269"/>
      </symbol>
      <symbol id="sm-4d3">
         <name>_lock</name>
         <value>0x20000200</value>
         <object_component_ref idref="oc-146"/>
      </symbol>
      <symbol id="sm-4d4">
         <name>_unlock</name>
         <value>0x20000204</value>
         <object_component_ref idref="oc-146"/>
      </symbol>
      <symbol id="sm-4d5">
         <name>_register_lock</name>
         <value>0x377f</value>
         <object_component_ref idref="oc-269"/>
      </symbol>
      <symbol id="sm-4d6">
         <name>_register_unlock</name>
         <value>0x3779</value>
         <object_component_ref idref="oc-269"/>
      </symbol>
      <symbol id="sm-4ea">
         <name>_args_main</name>
         <value>0x3739</value>
         <object_component_ref idref="oc-3d"/>
      </symbol>
      <symbol id="sm-507">
         <name>__TI_auto_init</name>
         <value>0x3001</value>
         <object_component_ref idref="oc-38"/>
      </symbol>
      <symbol id="sm-520">
         <name>copy_in</name>
         <value>0x3439</value>
         <object_component_ref idref="oc-13d"/>
      </symbol>
      <symbol id="sm-528">
         <name>_Errno</name>
         <value>0x20000220</value>
         <object_component_ref idref="oc-2e6"/>
      </symbol>
      <symbol id="sm-546">
         <name>feraiseexcept</name>
         <value>0x35f1</value>
         <object_component_ref idref="oc-2e0"/>
      </symbol>
      <symbol id="sm-547">
         <name>_Tls_setup__Fenv</name>
         <value>0x20000214</value>
         <object_component_ref idref="oc-31c"/>
      </symbol>
      <symbol id="sm-548">
         <name>_Fenv</name>
         <value>0x20000210</value>
         <object_component_ref idref="oc-31c"/>
      </symbol>
      <symbol id="sm-55c">
         <name>raise</name>
         <value>0x3683</value>
         <object_component_ref idref="oc-316"/>
      </symbol>
      <symbol id="sm-576">
         <name>signal</name>
         <value>0x3545</value>
         <object_component_ref idref="oc-32a"/>
      </symbol>
      <symbol id="sm-58b">
         <name>_Dnorm</name>
         <value>0x2df9</value>
         <object_component_ref idref="oc-304"/>
      </symbol>
      <symbol id="sm-5f3">
         <name>UARTCharPutNonBlocking</name>
         <value>0x3845</value>
         <object_component_ref idref="oc-d4"/>
      </symbol>
      <symbol id="sm-5f4">
         <name>UARTConfigSetExpClk</name>
         <value>0x3505</value>
         <object_component_ref idref="oc-196"/>
      </symbol>
      <symbol id="sm-5f5">
         <name>UARTDisable</name>
         <value>0x371d</value>
         <object_component_ref idref="oc-295"/>
      </symbol>
      <symbol id="sm-5f6">
         <name>UARTIntEnable</name>
         <value>0x38b7</value>
         <object_component_ref idref="oc-19c"/>
      </symbol>
      <symbol id="sm-5f7">
         <name>UARTCharsAvail</name>
         <value>0x3879</value>
         <object_component_ref idref="oc-e1"/>
      </symbol>
      <symbol id="sm-5f8">
         <name>UARTCharGetNonBlocking</name>
         <value>0x3837</value>
         <object_component_ref idref="oc-ce"/>
      </symbol>
      <symbol id="sm-5f9">
         <name>UARTCharPut</name>
         <value>0x389b</value>
         <object_component_ref idref="oc-1a2"/>
      </symbol>
      <symbol id="sm-5fa">
         <name>UARTEnable</name>
         <value>0x3765</value>
         <object_component_ref idref="oc-29b"/>
      </symbol>
      <symbol id="sm-5fb">
         <name>UARTIntClear</name>
         <value>0x38db</value>
         <object_component_ref idref="oc-c8"/>
      </symbol>
      <symbol id="sm-5fc">
         <name>UARTIntStatus</name>
         <value>0x38a5</value>
         <object_component_ref idref="oc-c2"/>
      </symbol>
      <symbol id="sm-62f">
         <name>TimerLoadSet</name>
         <value>0x37d5</value>
         <object_component_ref idref="oc-a4"/>
      </symbol>
      <symbol id="sm-630">
         <name>TimerEnable</name>
         <value>0x3829</value>
         <object_component_ref idref="oc-b6"/>
      </symbol>
      <symbol id="sm-631">
         <name>TimerIntEnable</name>
         <value>0x38af</value>
         <object_component_ref idref="oc-b0"/>
      </symbol>
      <symbol id="sm-632">
         <name>TimerConfigure</name>
         <value>0x32b9</value>
         <object_component_ref idref="oc-98"/>
      </symbol>
      <symbol id="sm-633">
         <name>TimerIntClear</name>
         <value>0x38d7</value>
         <object_component_ref idref="oc-e7"/>
      </symbol>
      <symbol id="sm-68d">
         <name>SysCtlClockSet</name>
         <value>0x2b31</value>
         <object_component_ref idref="oc-7a"/>
      </symbol>
      <symbol id="sm-68e">
         <name>SysCtlDelay</name>
         <value>0x38cb</value>
         <object_component_ref idref="oc-e0"/>
      </symbol>
      <symbol id="sm-68f">
         <name>SysCtlPeripheralEnable</name>
         <value>0x35bd</value>
         <object_component_ref idref="oc-92"/>
      </symbol>
      <symbol id="sm-690">
         <name>SysCtlClockGet</name>
         <value>0x2d31</value>
         <object_component_ref idref="oc-9e"/>
      </symbol>
      <symbol id="sm-691">
         <name>SysCtlPWMClockSet</name>
         <value>0x3751</value>
         <object_component_ref idref="oc-1c3"/>
      </symbol>
      <symbol id="sm-6c6">
         <name>PWMGenPeriodSet</name>
         <value>0x3819</value>
         <object_component_ref idref="oc-1d5"/>
      </symbol>
      <symbol id="sm-6c7">
         <name>PWMPulseWidthSet</name>
         <value>0x36fd</value>
         <object_component_ref idref="oc-1e7"/>
      </symbol>
      <symbol id="sm-6c8">
         <name>PWMGenPeriodGet</name>
         <value>0x37b1</value>
         <object_component_ref idref="oc-1e1"/>
      </symbol>
      <symbol id="sm-6c9">
         <name>PWMOutputState</name>
         <value>0x37c3</value>
         <object_component_ref idref="oc-1ed"/>
      </symbol>
      <symbol id="sm-6ca">
         <name>PWMGenEnable</name>
         <value>0x386d</value>
         <object_component_ref idref="oc-1db"/>
      </symbol>
      <symbol id="sm-6cb">
         <name>PWMGenConfigure</name>
         <value>0x36db</value>
         <object_component_ref idref="oc-1cf"/>
      </symbol>
      <symbol id="sm-6f9">
         <name>IntEnable</name>
         <value>0x31f9</value>
         <object_component_ref idref="oc-aa"/>
      </symbol>
      <symbol id="sm-6fa">
         <name>IntMasterEnable</name>
         <value>0x3891</value>
         <object_component_ref idref="oc-184"/>
      </symbol>
      <symbol id="sm-74a">
         <name>GPIOPinTypePWM</name>
         <value>0x378d</value>
         <object_component_ref idref="oc-1c9"/>
      </symbol>
      <symbol id="sm-74b">
         <name>GPIOPinConfigure</name>
         <value>0x3361</value>
         <object_component_ref idref="oc-18a"/>
      </symbol>
      <symbol id="sm-74c">
         <name>GPIOPinTypeUART</name>
         <value>0x379f</value>
         <object_component_ref idref="oc-190"/>
      </symbol>
      <symbol id="sm-74d">
         <name>GPIOPinRead</name>
         <value>0x38bf</value>
         <object_component_ref idref="oc-118"/>
      </symbol>
      <symbol id="sm-74e">
         <name>GPIODirModeSet</name>
         <value>0x36b1</value>
         <object_component_ref idref="oc-172"/>
      </symbol>
      <symbol id="sm-74f">
         <name>GPIOPinWrite</name>
         <value>0x38c5</value>
         <object_component_ref idref="oc-da"/>
      </symbol>
      <symbol id="sm-750">
         <name>GPIOPadConfigSet</name>
         <value>0x26bb</value>
         <object_component_ref idref="oc-16c"/>
      </symbol>
      <symbol id="sm-766">
         <name>FPULazyStackingEnable</name>
         <value>0x3809</value>
         <object_component_ref idref="oc-74"/>
      </symbol>
      <symbol id="sm-767">
         <name>FPUEnable</name>
         <value>0x37f9</value>
         <object_component_ref idref="oc-6e"/>
      </symbol>
      <symbol id="sm-771">
         <name>CPUcpsie</name>
         <value>0x3861</value>
         <object_component_ref idref="oc-289"/>
      </symbol>
      <symbol id="sm-772">
         <name>__TI_static_base__</name>
         <value>0x0</value>
      </symbol>
      <symbol id="sm-773">
         <name>__TI_args_main</name>
         <value>0x1</value>
      </symbol>
      <symbol id="sm-774">
         <name>SHT$$INIT_ARRAY$$Limit</name>
         <value>0x0</value>
      </symbol>
      <symbol id="sm-775">
         <name>SHT$$INIT_ARRAY$$Base</name>
         <value>0x0</value>
      </symbol>
   </symbol_table>
   <title>Link successful</title>
</link_info>
